bun test v1.3.14 (0d9b296a)

e2e/app.spec.ts:

# Unhandled error between tests
-------------------------------
2216 |     this.test = test;
2217 |   }
2218 |   _currentSuite(location, title) {
2219 |     const suite = (0, import_globals2.currentlyLoadingFileSuite)();
2220 |     if (!suite) {
2221 |       throw new Error([
                       ^
error: Playwright Test did not expect test() to be called here.
Most common reasons include:
- You are calling test() in a configuration file.
- You are calling test() in a file that is imported by the configuration file.
- You have two different versions of @playwright/test. This usually happens
  when one of the dependencies in your package.json depends on @playwright/test.
      at _currentSuite (/home/ben/workspaces/personal/mithril-forge/frontend/node_modules/playwright/lib/common/index.js:2221:17)
      at _createTest (/home/ben/workspaces/personal/mithril-forge/frontend/node_modules/playwright/lib/common/index.js:2234:24)
      at /home/ben/workspaces/personal/mithril-forge/frontend/e2e/app.spec.ts:3:1
-------------------------------


src/api/open5e.test.ts:
(pass) abilityModifier > returns 0 for score 10 [0.41ms]
(pass) abilityModifier > returns 0 for score 11 (floors down) [0.04ms]
(pass) abilityModifier > returns 1 for score 12 [0.02ms]
(pass) abilityModifier > returns 5 for score 20 [0.02ms]
(pass) abilityModifier > returns -1 for score 8 [0.02ms]
(pass) abilityModifier > returns -1 for score 9 [0.02ms]
(pass) abilityModifier > returns -5 for score 1 [0.02ms]
(pass) searchMonsters > returns empty array for query shorter than 2 chars [0.18ms]
(pass) searchMonsters > returns empty array for whitespace-only query [0.06ms]
(pass) searchMonsters > fetches monsters and returns mapped results [0.18ms]
(pass) searchMonsters > caches full monster data from search results [0.10ms]
(pass) searchMonsters > throws on non-OK response [0.08ms]
(pass) getMonster > fetches monster by slug and returns data [0.14ms]
(pass) getMonster > caches result and does not fetch again [0.09ms]
(pass) getMonster > makes cached data available via getCachedMonster [0.09ms]
(pass) getMonster > throws on non-OK response [0.06ms]
(pass) getCachedMonster > returns undefined for unknown slug [0.02ms]

src/components/AddCreatureForm.test.tsx:
(pass) AddCreatureForm > renders name, type, modifier and max hp inputs with add button [35.93ms]
(pass) AddCreatureForm > calls onAdd with name, modifier, creature type, maxHp, and ac on submit [109.89ms]
(pass) AddCreatureForm > resets fields after submit [67.39ms]
(pass) AddCreatureForm > does not call onAdd when name is empty [16.40ms]
(pass) AddCreatureForm > does not call onAdd when name is only whitespace [35.93ms]
(pass) AddCreatureForm > trims whitespace from name [50.93ms]
(pass) AddCreatureForm > defaults modifier to 0 and maxHp to 10 [3.30ms]
(pass) AddCreatureForm > supports negative modifiers [42.65ms]
(pass) AddCreatureForm > allows switching creature type to party [50.64ms]
(pass) AddCreatureForm > quantity stepper > shows quantity control for enemy type [3.54ms]
(pass) AddCreatureForm > quantity stepper > hides quantity control for party type [13.22ms]
(pass) AddCreatureForm > quantity stepper > increments and decrements quantity [32.97ms]
(pass) AddCreatureForm > quantity stepper > does not go below 1 [6.74ms]
(pass) AddCreatureForm > quantity stepper > calls onAdd multiple times with numbered names when qty > 1 [59.22ms]
(pass) AddCreatureForm > quantity stepper > does not number name when qty is 1 [38.02ms]
(pass) AddCreatureForm > quantity stepper > resets quantity after submit [61.21ms]
(pass) AddCreatureForm > quantity stepper > shows count on Add button when qty > 1 [24.61ms]
(pass) AddCreatureForm > quantity stepper > resets quantity when switching to party [43.56ms]

src/components/CreatureList.test.tsx:
(pass) CreatureList > shows empty state when no creatures [0.92ms]
(pass) CreatureList > renders all creatures [13.37ms]
(pass) CreatureList > shows creature type badges [10.86ms]
(pass) CreatureList > shows modifier in DM view when expanded [16.98ms]
(pass) CreatureList > hides modifier in player view [3.49ms]
(pass) CreatureList > calls onRemove with correct id when creature is dead and expanded [29.44ms]
(pass) CreatureList > displays initiative value when set [4.59ms]
(pass) CreatureList > displays dash when initiative is null [3.44ms]
(pass) CreatureList > shows turn indicator for active creature [7.76ms]
(pass) CreatureList > allows manual initiative editing [28.68ms]
(pass) CreatureList > shows health bar in DM view [7.79ms]
(pass) CreatureList > shows HP controls in DM view when active [6.24ms]
(pass) CreatureList > hides all HP in player view when statVisibility is none [1.36ms]
(pass) CreatureList > shows only party HP in player view when statVisibility is party-only [3.32ms]

src/components/HealthBar.test.tsx:
(pass) getLiquidColors > returns green for health above 60% [0.05ms]
(pass) getLiquidColors > returns green at 61% (boundary) [0.03ms]
(pass) getLiquidColors > returns red for health at or below 30% [0.02ms]
(pass) getLiquidColors > returns red at 0% [0.02ms]
(pass) getLiquidColors > returns green at 100% [0.02ms]
(pass) getLiquidColors > interpolates orange zone at 45% (midpoint) [0.04ms]
(pass) getLiquidColors > interpolates at 60% (top of orange zone, t=1) [0.03ms]
(pass) getLiquidColors > interpolates at 31% (bottom of orange zone, t≈0.03) [0.02ms]

src/components/TurnControls.test.tsx:
(pass) TurnControls > shows Start Encounter button when not started [1.39ms]
(pass) TurnControls > calls onStart when Start Encounter is clicked [6.15ms]
(pass) TurnControls > shows round number when started [0.75ms]
(pass) TurnControls > shows in-game time next to round number [0.65ms]
(pass) TurnControls > does not show Start Encounter button when started [0.42ms]

src/components/StatusPage.test.tsx:
(pass) StatusPage > renders system status title [17.88ms]
(pass) StatusPage > shows online status for backend and open5e when fetch is successful [11.60ms]
(pass) StatusPage > shows offline status when fetch fails [14.44ms]
(pass) StatusPage > shows localStorage and Crypto API as available [8.84ms]

src/components/ConfirmUserPage.test.tsx:
(pass) ConfirmUserPage > shows error and redirects to home if no token is provided [9.83ms]
(pass) ConfirmUserPage > calls confirm API and shows success toast if token is valid [11.44ms]
(pass) ConfirmUserPage > shows error toast if API returns an error [15.68ms]
(pass) ConfirmUserPage > shows network error toast if fetch throws [64.87ms]

src/components/Navigation.test.tsx:
(pass) Navigation > renders the hamburger toggle button [3.40ms]
(pass) Navigation > initially renders the drawer closed [2.19ms]
(pass) Navigation > opens the drawer when clicking the toggle button [19.23ms]
(pass) Navigation > renders all navigation and footer meta links when open [32.04ms]
(pass) Navigation > closes the drawer when clicking the close button [22.85ms]
(pass) Navigation > closes the drawer when clicking the backdrop [25.44ms]
(pass) Navigation > closes the drawer when a navigation link is clicked [23.32ms]

src/components/SignUpPage.test.tsx:
(pass) SignUpPage > renders the sign up form [14.95ms]
(pass) SignUpPage > submits form successfully and navigates to home [178.43ms]
(pass) SignUpPage > displays error toast when user already exists (409) [162.58ms]
(pass) SignUpPage > displays error toast when API returns 400 [168.17ms]
(pass) SignUpPage > prevents submission with only whitespace [133.20ms]

src/hooks/useEncounter.test.ts:
(pass) useEncounter > starts with an empty creature list [1.67ms]
(pass) useEncounter > adds a creature with initiative null [1.07ms]
(pass) useEncounter > adds multiple creatures [0.74ms]
(pass) useEncounter > removes a creature by id [0.71ms]
(pass) useEncounter > generates unique ids for each creature [0.62ms]
(pass) useEncounter > persists creatures to localStorage [0.62ms]
(pass) useEncounter > does nothing when removing a non-existent id [0.66ms]
(pass) useEncounter > rolls initiative for a single creature [0.79ms]
(pass) useEncounter > rolls initiative for all creatures without one [0.99ms]
(pass) useEncounter > manually updates initiative [0.70ms]
(pass) useEncounter > sorts creatures by initiative descending, nulls last [0.72ms]

src/hooks/useEncounterSettings.test.ts:
(pass) useEncounterSettings > defaults to party-only stat visibility and animations enabled [2.96ms]
(pass) useEncounterSettings > sets stat visibility to all [0.42ms]
(pass) useEncounterSettings > sets stat visibility to none [0.56ms]
(pass) useEncounterSettings > toggles animations enabled state [0.48ms]
(pass) useEncounterSettings > persists settings to localStorage [0.79ms]

src/hooks/useTurnTracker.test.ts:
(pass) useTurnTracker > starts with encounter not started [2.61ms]
(pass) useTurnTracker > starts encounter with first creature active, round 1 [0.63ms]
(pass) useTurnTracker > does nothing when starting with empty creature list [0.38ms]
(pass) useTurnTracker > advances to next creature on nextTurn [0.62ms]
(pass) useTurnTracker > wraps around and increments round [0.56ms]
(pass) useTurnTracker > resets on endEncounter [0.60ms]
(pass) useTurnTracker > nextTurn does nothing when encounter not started [0.40ms]
(pass) useTurnTracker > auto-ends encounter when all creatures are removed [0.68ms]
(pass) useTurnTracker > recovers when active creature is removed [0.65ms]
(pass) useTurnTracker > persists turn state to localStorage [0.44ms]

src/utils/formatInGameTime.test.ts:
(pass) formatInGameTime > shows 0s for round 1 [0.11ms]
(pass) formatInGameTime > shows 6s for round 2 [0.02ms]
(pass) formatInGameTime > shows 54s for round 10 [0.03ms]
(pass) formatInGameTime > shows 1min for round 11 [0.02ms]
(pass) formatInGameTime > shows 1min 6s for round 12 [0.02ms]
(pass) formatInGameTime > shows 10min for round 101 [0.01ms]

src/utils/formatModifier.test.ts:
(pass) formatModifier > prefixes positive numbers with + [0.03ms]
(pass) formatModifier > prefixes zero with + [0.02ms]
(pass) formatModifier > keeps negative sign as-is [0.03ms]
(pass) formatModifier > handles large values [0.02ms]

src/utils/rollInitiative.test.ts:
(pass) rollInitiative > returns 1 + modifier when random returns 0 [0.03ms]
(pass) rollInitiative > returns 20 + modifier when random returns 0.95 [0.02ms]
(pass) rollInitiative > works with negative modifiers [0.01ms]
(pass) rollInitiative > works with zero modifier [0.03ms]
(pass) rollInitiative > returns values in valid range over many rolls [0.12ms]

1 tests failed:

 123 pass
 1 fail
 1 error
 414 expect() calls
Ran 124 tests across 16 files. [2.28s]
